[babydogezilla.com/index.html]
[backblue.gif]
[fade.gif]
[index.html]
[babydogezilla.com/comments/feed/index.html]
[c0.wp.com/c/5.9.3/wp-includes/css/dist/block-library/style.min.css]
[c0.wp.com/c/5.9.3/wp-includes/js/mediaelement/mediaelementplayer-legacy.min.css]
[c0.wp.com/c/5.9.3/wp-includes/js/mediaelement/wp-mediaelement.min.css]
[babydogezilla.com/wp-content/plugins/aapside-master/assets/css/flaticon4c56.css]
[babydogezilla.com/feed/index.html]
[babydogezilla.com/wp-content/plugins/aapside-master/assets/css/ir-icon4c56.css]
[babydogezilla.com/wp-content/plugins/aapside-master/assets/css/xg-icons4c56.css]
[babydogezilla.com/wp-content/plugins/aapside-master/assets/css/owl.carousel.min4c56.css]
[babydogezilla.com/wp-content/plugins/aapside-master/assets/css/main-style4c56.css]
[babydogezilla.com/wp-content/plugins/contact-form-7/includes/css/styles4245.css]
[babydogezilla.com/wp-content/themes/aapside/assets/css/animate4c56.css]
[babydogezilla.com/wp-content/themes/aapside/assets/css/bootstrap.min4c56.css]
[babydogezilla.com/wp-content/plugins/elementor/assets/lib/font-awesome/css/font-awesome.min1849.css]
[babydogezilla.com/wp-content/themes/aapside/assets/css/magnific-popup4c56.css]
[babydogezilla.com/wp-content/themes/aapside/assets/css/default-style4c56.css]
[babydogezilla.com/wp-content/themes/aapside/assets/css/main-style4c56.css]
[babydogezilla.com/wp-content/themes/aapside/assets/css/gutenberg4c56.css]
[babydogezilla.com/wp-content/themes/aapside/assets/css/woocommerce-style4c56.css]
[babydogezilla.com/wp-content/themes/aapside/assets/css/responsive4c56.css]
[babydogezilla.com/wp-content/themes/aapside/style7404.css]
[babydogezilla.com/wp-content/plugins/elementor/assets/lib/eicons/css/elementor-icons.min05c8.css]
[babydogezilla.com/wp-content/plugins/elementor/assets/css/frontend.mina7da.css]
[babydogezilla.com/wp-content/plugins/elementor/assets/lib/eicons/fonts/eicons0b93.eot]
[babydogezilla.com/wp-content/uploads/elementor/css/post-3065d5c.css]
[babydogezilla.com/wp-content/uploads/elementor/css/globale5d8.css]
[babydogezilla.com/wp-content/uploads/elementor/css/post-2605a7b6.css]
[babydogezilla.com/wp-content/plugins/elementor/assets/lib/font-awesome/css/fontawesome.min52d5.css]
[babydogezilla.com/wp-content/plugins/elementor/assets/lib/font-awesome/css/solid.min52d5.css]
[babydogezilla.com/wp-content/plugins/elementor/assets/lib/font-awesome/css/brands.min52d5.css]
[babydogezilla.com/wp-content/plugins/elementor/assets/lib/font-awesome/css/regular.min52d5.css]
[babydogezilla.com/wp-content/plugins/aapside-master/assets/css/flaticon8a54.css]
[c0.wp.com/p/jetpack/10.3/css/jetpack.css]
[c0.wp.com/c/5.9.3/wp-includes/js/jquery/jquery.min.js]
[c0.wp.com/c/5.9.3/wp-includes/js/jquery/jquery-migrate.min.js]
[babydogezilla.com/wp-json/index.html]
[babydogezilla.com/wp-json/wp/v2/pages/2605.json]
[babydogezilla.com/xmlrpc0db0.php]
[babydogezilla.com/wp-includes/wlwmanifest.xml]
[babydogezilla.com/wp-json/oembed/1.0/embed8442.json]
[babydogezilla.com/wp-json/oembed/1.0/embedb742]
[i0.wp.com/babydogezilla.com/wp-content/uploads/2021/10/cropped-Baby-Doge-Zilla-Original-no-Text-1e43b.png]
[i0.wp.com/babydogezilla.com/wp-content/uploads/2021/10/cropped-Baby-Doge-Zilla-Original-no-Text-198d8.png]
[i0.wp.com/babydogezilla.com/wp-content/uploads/2021/10/cropped-Baby-Doge-Zilla-Original-no-Text-1f9b5.png]
[babydogezilla.com/assets/background_hero.d3eb9ad3.jpg]
[i0.wp.com/babydogezilla.com/wp-content/uploads/2021/11/logo-27d45.png]
[babydogezilla.com/wp-content/uploads/2021/11/WhitepaperV2.pdf]
[babydogezilla.com/wp-content/uploads/2021/11/BabyDogeZilla-audit-1.pdf]
[i2.wp.com/babydogezilla.com/wp-content/uploads/2021/10/Baby-Doge-Zilla-Original-no-Text-1a651.png]
[i2.wp.com/babydogezilla.com/wp-content/uploads/2021/10/BDZavatar-18ad6.png]
[files.coinmarketcap.com/static/widget/currency.js]
[i0.wp.com/babydogezilla.com/wp-content/uploads/2022/04/PooCoin19315.png]
[i2.wp.com/babydogezilla.com/wp-content/uploads/2022/04/bogged32c2.png]
[widgets.coingecko.com/coingecko-coin-ticker-widget.js]
[i1.wp.com/babydogezilla.com/wp-content/uploads/2021/11/logo-11a7e.png]
[babydogezilla.com/wp-content/plugins/elementor/assets/lib/animations/animations.mina7da.css]
[babydogezilla.com/wp-content/plugins/creative-mail-by-constant-contact/assets/js/block/submit310b.js]
[babydogezilla.com/wp-content/plugins/aapside-master/assets/js/jquery.parallax-scroll7404.js]
[babydogezilla.com/wp-content/plugins/aapside-master/assets/js/jquery.smoove7404.js]
[babydogezilla.com/wp-content/plugins/aapside-master/assets/js/parallax7404.js]
[c0.wp.com/p/jetpack/10.3/_inc/build/photon/photon.min.js]
[babydogezilla.com/wp-content/plugins/aapside-master/assets/js/waypoints.min4c56.js]
[babydogezilla.com/wp-content/plugins/aapside-master/assets/js/jquery.counterup.min4c56.js]
[babydogezilla.com/wp-content/plugins/aapside-master/assets/js/owl.carousel.min4c56.js]
[c0.wp.com/c/5.9.3/wp-includes/js/imagesloaded.min.js]
[babydogezilla.com/wp-content/plugins/aapside-master/assets/js/isotope.pkgd.min4c56.js]
[babydogezilla.com/wp-content/plugins/aapside-master/assets/js/main4c56.js]
[c0.wp.com/c/5.9.3/wp-includes/js/dist/vendor/regenerator-runtime.min.js]
[c0.wp.com/c/5.9.3/wp-includes/js/dist/vendor/wp-polyfill.min.js]
[babydogezilla.com/wp-content/plugins/contact-form-7/includes/js/index4245.js]
[babydogezilla.com/wp-content/themes/aapside/assets/js/popper.min4c56.js]
[babydogezilla.com/wp-content/themes/aapside/assets/js/bootstrap.min4c56.js]
[babydogezilla.com/wp-content/themes/aapside/assets/js/jquery.magnific-popup4c56.js]
[babydogezilla.com/wp-content/themes/aapside/assets/js/main4c56.js]
[babydogezilla.com/wp-content/plugins/elementor/assets/js/webpack.runtime.mina7da.js]
[babydogezilla.com/wp-content/plugins/elementor/assets/js/frontend-modules.mina7da.js]
[babydogezilla.com/wp-content/plugins/elementor/assets/lib/waypoints/waypoints.min05da.js]
[c0.wp.com/c/5.9.3/wp-includes/js/jquery/ui/core.min.js]
[babydogezilla.com/wp-content/plugins/elementor/assets/lib/swiper/swiper.min48f5.js]
[babydogezilla.com/wp-content/plugins/elementor/assets/lib/share-link/share-link.mina7da.js]
[babydogezilla.com/wp-content/plugins/elementor/assets/lib/dialog/dialog.mina288.js]
[babydogezilla.com/wp-content/plugins/elementor/assets/js/frontend.mina7da.js]
[babydogezilla.com/wp-content/plugins/elementor/assets/js/preloaded-modules.mina7da.js]
[babydogezilla.com/index.html]
[c0.wp.com/c/5.9.3/wp-includes/css/dist/block-library/style.min.css]
[stats.wp.com/e-202220.js]
[c0.wp.com/c/5.9.3/wp-includes/js/mediaelement/mediaelementplayer-legacy.min.css]
[c0.wp.com/c/5.9.3/wp-includes/js/mediaelement/wp-mediaelement.min.css]
[c0.wp.com/c/5.9.3/wp-includes/js/mediaelement/mejs-controls.svg]
[babydogezilla.com/wp-content/plugins/aapside-master/assets/fonts/Flaticon.eot]
[babydogezilla.com/wp-content/plugins/aapside-master/assets/fonts/Flaticond41d.eot]
[babydogezilla.com/wp-content/plugins/aapside-master/assets/fonts/Flaticon.woff2]
[babydogezilla.com/wp-content/plugins/aapside-master/assets/fonts/Flaticon.woff]
[babydogezilla.com/wp-content/plugins/aapside-master/assets/fonts/Flaticon.ttf]
[babydogezilla.com/wp-content/plugins/aapside-master/assets/css/flaticon4c56.css]
[babydogezilla.com/wp-content/plugins/aapside-master/assets/fonts/Flaticon.svg]
[babydogezilla.com/wp-content/plugins/aapside-master/assets/fonts/ir-icon.eot]
[babydogezilla.com/wp-content/plugins/aapside-master/assets/fonts/ir-icond41d.eot]
[babydogezilla.com/wp-content/plugins/aapside-master/assets/fonts/ir-icon.woff2]
[babydogezilla.com/wp-content/plugins/aapside-master/assets/fonts/ir-icon.woff]
[babydogezilla.com/wp-content/plugins/aapside-master/assets/fonts/ir-icon.ttf]
[babydogezilla.com/wp-content/plugins/aapside-master/assets/css/ir-icon4c56.css]
[babydogezilla.com/wp-content/plugins/aapside-master/assets/fonts/ir-icon.svg]
[babydogezilla.com/wp-content/plugins/aapside-master/assets/fonts/xg-icon.eot]
[babydogezilla.com/wp-content/plugins/aapside-master/assets/fonts/xg-icond41d.eot]
[babydogezilla.com/wp-content/plugins/aapside-master/assets/fonts/xg-icon.woff2]
[babydogezilla.com/wp-content/plugins/aapside-master/assets/fonts/xg-icon.woff]
[babydogezilla.com/wp-content/plugins/aapside-master/assets/fonts/xg-icon.ttf]
[babydogezilla.com/wp-content/plugins/aapside-master/assets/css/xg-icons4c56.css]
[babydogezilla.com/wp-content/plugins/aapside-master/assets/fonts/xg-icon.svg]
[babydogezilla.com/wp-content/plugins/aapside-master/assets/css/owl.video.play.png]
[babydogezilla.com/wp-content/plugins/aapside-master/assets/css/owl.carousel.min4c56.css]
[babydogezilla.com/wp-content/plugins/aapside-master/assets/images/appside_header_shape_bg.png]
[babydogezilla.com/wp-content/plugins/aapside-master/assets/css/main-style4c56.css]
[babydogezilla.com/wp-content/plugins/contact-form-7/includes/css/styles4245.css]
[babydogezilla.com/wp-content/themes/aapside/assets/css/animate4c56.css]
[babydogezilla.com/wp-content/themes/aapside/assets/css/bootstrap.min4c56.css]
[babydogezilla.com/wp-content/plugins/elementor/assets/lib/font-awesome/fonts/fontawesome-webfont3e6e.eot]
[babydogezilla.com/wp-content/plugins/elementor/assets/lib/font-awesome/fonts/fontawesome-webfontd41d.eot]
[babydogezilla.com/wp-content/plugins/elementor/assets/lib/font-awesome/fonts/fontawesome-webfont3e6e.woff2]
[babydogezilla.com/wp-content/plugins/elementor/assets/lib/font-awesome/fonts/fontawesome-webfont3e6e.woff]
[babydogezilla.com/wp-content/plugins/elementor/assets/lib/font-awesome/fonts/fontawesome-webfont3e6e.ttf]
[babydogezilla.com/wp-content/plugins/elementor/assets/lib/font-awesome/css/font-awesome.min1849.css]
[babydogezilla.com/wp-content/themes/aapside/assets/css/magnific-popup4c56.css]
[babydogezilla.com/wp-content/themes/aapside/assets/css/default-style4c56.css]
[babydogezilla.com/wp-content/plugins/elementor/assets/lib/font-awesome/fonts/fontawesome-webfont3e6e.svg]
[babydogezilla.com/wp-content/themes/aapside/assets/img/icon-bg/01.png]
[babydogezilla.com/wp-content/themes/aapside/assets/img/icon-bg/02.png]
[babydogezilla.com/wp-content/themes/aapside/assets/img/icon-bg/03.png]
[babydogezilla.com/wp-content/themes/aapside/assets/img/icon-bg/04.png]
[babydogezilla.com/wp-content/themes/aapside/assets/img/mask-image.png]
[babydogezilla.com/wp-content/themes/aapside/assets/css/main-style4c56.css]
[babydogezilla.com/wp-content/themes/aapside/assets/css/gutenberg4c56.css]
[babydogezilla.com/wp-content/themes/aapside/assets/css/woocommerce-style4c56.css]
[babydogezilla.com/wp-content/themes/aapside/assets/css/responsive4c56.css]
[babydogezilla.com/wp-content/themes/aapside/style7404.css]
[babydogezilla.com/wp-content/plugins/elementor/assets/lib/eicons/fonts/eiconsc387.eot]
[babydogezilla.com/wp-content/plugins/elementor/assets/lib/eicons/fonts/eiconsc387.woff2]
[babydogezilla.com/wp-content/plugins/elementor/assets/lib/eicons/fonts/eiconsc387.woff]
[babydogezilla.com/wp-content/plugins/elementor/assets/lib/eicons/css/elementor-icons.min05c8.css]
[babydogezilla.com/wp-content/plugins/elementor/assets/css/frontend.mina7da.css]
[babydogezilla.com/wp-content/uploads/elementor/css/post-3065d5c.css]
[babydogezilla.com/wp-content/uploads/elementor/css/globale5d8.css]
[babydogezilla.com/wp-content/uploads/elementor/css/post-2605a7b6.css]
[babydogezilla.com/wp-content/plugins/elementor/assets/lib/font-awesome/css/fontawesome.min52d5.css]
[babydogezilla.com/wp-content/plugins/elementor/assets/lib/eicons/fonts/eiconsc387.ttf]
[babydogezilla.com/wp-content/plugins/elementor/assets/lib/eicons/fonts/eiconsc387.svg]
[babydogezilla.com/wp-content/plugins/elementor/assets/lib/font-awesome/webfonts/fa-solid-900.eot]
[babydogezilla.com/wp-content/plugins/elementor/assets/lib/font-awesome/webfonts/fa-solid-900d41d.eot]
[babydogezilla.com/wp-content/plugins/elementor/assets/lib/font-awesome/webfonts/fa-solid-900.woff2]
[babydogezilla.com/wp-content/plugins/elementor/assets/lib/font-awesome/webfonts/fa-solid-900.woff]
[babydogezilla.com/wp-content/plugins/elementor/assets/lib/font-awesome/webfonts/fa-solid-900.ttf]
[babydogezilla.com/wp-content/plugins/elementor/assets/lib/font-awesome/css/solid.min52d5.css]
[babydogezilla.com/wp-content/plugins/elementor/assets/lib/font-awesome/webfonts/fa-solid-900.svg]
[babydogezilla.com/wp-content/plugins/elementor/assets/lib/font-awesome/webfonts/fa-brands-400.eot]
[babydogezilla.com/wp-content/plugins/elementor/assets/lib/font-awesome/webfonts/fa-brands-400d41d.eot]
[babydogezilla.com/wp-content/plugins/elementor/assets/lib/font-awesome/webfonts/fa-brands-400.woff2]
[babydogezilla.com/wp-content/plugins/elementor/assets/lib/font-awesome/webfonts/fa-brands-400.woff]
[babydogezilla.com/wp-content/plugins/elementor/assets/lib/font-awesome/webfonts/fa-brands-400.ttf]
[babydogezilla.com/wp-content/plugins/elementor/assets/lib/font-awesome/css/brands.min52d5.css]
[babydogezilla.com/wp-content/plugins/elementor/assets/lib/font-awesome/webfonts/fa-regular-400.eot]
[babydogezilla.com/wp-content/plugins/elementor/assets/lib/font-awesome/webfonts/fa-brands-400.svg]
[babydogezilla.com/wp-content/plugins/elementor/assets/lib/font-awesome/webfonts/fa-regular-400d41d.eot]
[babydogezilla.com/wp-content/plugins/elementor/assets/lib/font-awesome/webfonts/fa-regular-400.woff2]
[babydogezilla.com/wp-content/plugins/elementor/assets/lib/font-awesome/webfonts/fa-regular-400.woff]
[babydogezilla.com/wp-content/plugins/elementor/assets/lib/font-awesome/webfonts/fa-regular-400.ttf]
[babydogezilla.com/wp-content/plugins/elementor/assets/lib/font-awesome/css/regular.min52d5.css]
[babydogezilla.com/wp-content/plugins/aapside-master/assets/css/flaticon8a54.css]
[babydogezilla.com/wp-content/plugins/elementor/assets/lib/font-awesome/webfonts/fa-regular-400.svg]
[c0.wp.com/p/jetpack/10.3/modules/shortcodes/img/slideshow-controls.png]
[c0.wp.com/p/jetpack/10.3/modules/shortcodes/img/slideshow-controls-2x.png]
[c0.wp.com/p/jetpack/10.3/modules/shortcodes/images/slide-nav.png]
[c0.wp.com/p/jetpack/10.3/modules/shortcodes/images/expand.png]
[c0.wp.com/p/jetpack/10.3/modules/shortcodes/images/collapse.png]
[secure.gravatar.com/images/grav-share-sprite.png]
[c0.wp.com/p/jetpack/10.3/css/jetpack.css]
[babydogezilla.com/assets/background_hero.d3eb9ad3.html]
[babydogezilla.com/wp-content/plugins/elementor/assets/lib/animations/animations.mina7da.css]
[c0.wp.com/c/5.9.3/wp-includes/js/mediaelement/mejs-controls.svg]
[babydogezilla.com/wp-content/plugins/aapside-master/assets/fonts/Flaticon.svg]
[babydogezilla.com/wp-content/plugins/aapside-master/assets/fonts/ir-icon.svg]
[babydogezilla.com/wp-content/plugins/aapside-master/assets/fonts/xg-icon.svg]
[babydogezilla.com/wp-content/plugins/aapside-master/assets/css/owl.video.play.html]
[babydogezilla.com/wp-content/plugins/elementor/assets/lib/font-awesome/fonts/fontawesome-webfont3e6e.svg]
[babydogezilla.com/wp-content/plugins/elementor/assets/lib/eicons/fonts/eiconsc387.svg]
[babydogezilla.com/wp-content/plugins/elementor/assets/lib/font-awesome/webfonts/fa-solid-900.svg]
[babydogezilla.com/wp-content/plugins/elementor/assets/lib/font-awesome/webfonts/fa-brands-400.svg]
[babydogezilla.com/wp-content/plugins/elementor/assets/lib/font-awesome/webfonts/fa-regular-400.svg]
